npm error code ERESOLVE
npm error ERESOLVE could not resolve
npm error
npm error While resolving: @happysanta/router@0.3.1
npm error Found: react@18.2.0
npm error node_modules/react
npm error   react@"18.2.0" from the root project
npm error   peer react@">=16.8.0" from @floating-ui/react-dom@2.0.8
npm error   node_modules/@floating-ui/react-dom
npm error     @floating-ui/react-dom@"^2.0.8" from @vkontakte/vkui-floating-ui@0.1.5
npm error     node_modules/@vkontakte/vkui-floating-ui
npm error       @vkontakte/vkui-floating-ui@"^0.1.2" from @vkontakte/vkui@6.0.2
npm error       node_modules/@vkontakte/vkui
npm error         @vkontakte/vkui@"6.0.2" from the root project
npm error   14 more (@monaco-editor/react, @uiw/react-codemirror, ...)
npm error
npm error Could not resolve dependency:
npm error peer react@"^17.0.0" from @happysanta/router@0.3.1
npm error node_modules/@happysanta/router
npm error   @happysanta/router@"0.3.1" from the root project
npm error
npm error Conflicting peer dependency: react@17.0.2
npm error node_modules/react
npm error   peer react@"^17.0.0" from @happysanta/router@0.3.1
npm error   node_modules/@happysanta/router
npm error     @happysanta/router@"0.3.1" from the root project
npm error
npm error Fix the upstream dependency conflict, or retry
npm error this command with --force or --legacy-peer-deps
npm error to accept an incorrect (and potentially broken) dependency resolution.
npm error
npm error
npm error For a full report see:
npm error /home/hive/.npm/_logs/2025-09-10T17_59_42_363Z-eresolve-report.txt
npm error A complete log of this run can be found in: /home/hive/.npm/_logs/2025-09-10T17_59_42_363Z-debug-0.log
